<cf font="Arial"> A10 
Also <b id="4"> nested <i> tags </i> </b> work <dot> . </dot>
Also <b id="4"> nested <i> tags </i> </b> work <dot> . </dot>
Also <b id="4"> nested <i> tags </i> </b> work <dot> . </dot>
Also <b id="4"> nested <i> tags </i> </b> work <dot> . </dot>
Keep escaped markup <b> &lt; </b>
<BIG> <BIG> double cased markup </BIG> </BIG>
<BIG> <BIG> double cased markup </BIG> </BIG>
Quotes <tag id='double"quote"' id2="single'quote"> work. </tag>
1_CORRECT a <x> b <y> c </y> d </x> e
2_SHIFT a <x> b <y> c </y> d </x> e
3_DEL+SHIFT a <x> b <y> c </y> d </x> e
4_SHIFT a <x> b <y> c </y> d </x> e
8_SUB <y>
9_SPACESBEFORE   <x>
10_SPACESAFTER <x>  
11_CORRECT a b <x> d e </x>
12_SHIFT a b <x> d e </x> 
13 Si esegue una ricerca nella TM per il segmento 2 e si trova una <g id="408">corrispondenza approssimata del 75% partita sfocata</g> .
14 Si esegue una ricerca nella TM per il segmento 2 e si trova una <g id="408">corrispondenza approssimata del 75% partita sfocata</g> .
15 Si esegue una ricerca nella TM per il segmento 2 e si trova una <g id="408">corrispondenza approssimata del 75% partita sfocata</g> .

